26/09/26 18:37:41 INFO: #FastProtein Software 1.0
26/09/26 18:37:41 INFO: #Developed by Bioinformatic Laboratory - UFSC and IFSC
26/09/26 18:37:41 INFO: #An automated pipeline for proteomic profile analysis
26/09/26 18:37:41 INFO: #Questions and issues: renato.simoes@ifsc.edu.br
26/09/26 18:37:41 INFO: #See more about the project at https://github.com/bioinformatics-ufsc/FastProtein
26/09/26 18:37:41 INFO: 
26/09/26 18:37:41 INFO: Process started time: Sat Sep 26 18:37:41 UTC 2026
26/09/26 18:37:41 INFO: Temporary output folder: /FastProtein/temp/da74b995-2c3d-4259-b9aa-c096242daf2d
26/09/26 18:37:41 INFO: Final output folder: /data/results_fastprotein
26/09/26 18:37:41 INFO: 
26/09/26 18:37:41 INFO: Proteins in FASTA: 1027
26/09/26 18:37:41 INFO: Proteins viable for analysis: 1001
26/09/26 18:37:41 INFO: Ignored proteins (contains * or X) : 26
26/09/26 18:37:41 INFO: Executing ERRet - Search for Endoplasmic Reticulum Retention sites 
26/09/26 18:37:41 INFO: Executing N-Glyc - Search for N-glycosylation sites
26/09/26 18:37:41 INFO: Executing WoLFPSORT - Subcellular localization prediction
26/09/26 18:38:04 INFO: 	External Command time: 23.429S
26/09/26 18:38:04 INFO: 	     FastProtein time: 0.014S
26/09/26 18:38:04 INFO: 	           Total time: 23.443S
26/09/26 18:38:04 INFO: Executing TMHMM-2.0c - Search for transmembrane domains
26/09/26 18:38:04 INFO: 	External Command time: 0.03S
26/09/26 18:38:04 INFO: 	     FastProtein time: 0.001S
26/09/26 18:38:04 INFO: 	           Total time: 0.031S
26/09/26 18:38:04 INFO: Executing SignalP-5 - Search for signal peptide
26/09/26 18:38:18 INFO: 	External Command time: 13.768S
26/09/26 18:38:18 INFO: 	     FastProtein time: 0.023S
26/09/26 18:38:18 INFO: 	           Total time: 13.791S
26/09/26 18:38:18 INFO: Executing PredGPI - Search for Glycosylphosphatidylinositol (GPI) domain
26/09/26 18:38:30 INFO: 	External Command time: 12.11S
26/09/26 18:38:30 INFO: 	     FastProtein time: 0.007S
26/09/26 18:38:30 INFO: 	           Total time: 12.117S
26/09/26 18:38:30 INFO: Executing Phobius - Search for signal peptide and transmembrane domains
26/09/26 18:39:10 INFO: 	External Command time: 39.766S
26/09/26 18:39:10 INFO: 	     FastProtein time: 0.011S
26/09/26 18:39:10 INFO: 	           Total time: 39.777S
26/09/26 18:39:10 INFO: Skipping - InterproScan
26/09/26 18:39:10 INFO: Skipping - Search for similarity
26/09/26 18:39:11 INFO: Creating output files: .CSV
26/09/26 18:39:11 INFO: Creating output files: .TSV
26/09/26 18:39:12 INFO: Creating output files: .TXT
26/09/26 18:39:12 INFO: Creating output files: .SEP
26/09/26 18:39:12 INFO: Creating Charts
26/09/26 18:39:14 INFO: Creating ODF (Open Document Format) file 
26/09/26 18:39:14 INFO: Creating XLS (Excel Spreadsheet) file
26/09/26 18:39:15 INFO: 
26/09/26 18:39:15 INFO: Processed proteins: 1001
26/09/26 18:39:15 INFO: Process started at: Sat Sep 26 18:37:40 UTC 2026
26/09/26 18:39:15 INFO: Process ended at: Sat Sep 26 18:39:15 UTC 2026
26/09/26 18:39:15 INFO: General processing time
26/09/26 18:39:15 INFO: 	External Command time: 1M29.103S
26/09/26 18:39:15 INFO: 	     FastProtein time: 5.215S
26/09/26 18:39:15 INFO: 	           Total time: 1M34.318S
26/09/26 18:39:15 INFO: Check out your generated files in /data/results_fastprotein
26/09/26 18:39:15 INFO: Thank you for using FastProtein, we hope it will be useful for your research. Please, cite us!
26/09/26 18:39:15 INFO: 
Moreira RS, Benetti Filho V, Maia GA, Soratto TAT, Kawagoe EK, Russi BC, Miletti LC, Wagner G. 2024.
26/09/26 18:39:15 INFO: FastProtein???an automated software for in silico proteomic analysis.
26/09/26 18:39:15 INFO: PeerJ 12:e18309 https://doi.org/10.7717/peerj.18309
